02-03 14:00:07.820  1172  3720 D MARs:TopPackageFilter: filter : com.tcc.xcskitracker(0)
02-03 14:00:07.820  1172  3720 D FreecessController: com.tcc.xcskitracker(10519) is important[13]
02-03 14:00:17.822  1172  3720 D MARs:TopPackageFilter: filter : com.tcc.xcskitracker(0)
02-03 14:00:17.822  1172  3720 D FreecessController: com.tcc.xcskitracker(10519) is important[13]
02-03 14:00:27.825  1172  3720 D MARs:TopPackageFilter: filter : com.tcc.xcskitracker(0)
02-03 14:00:27.825  1172  3720 D FreecessController: com.tcc.xcskitracker(10519) is important[13]
02-03 14:00:37.826  1172  3720 D MARs:TopPackageFilter: filter : com.tcc.xcskitracker(0)
02-03 14:00:37.826  1172  3720 D FreecessController: com.tcc.xcskitracker(10519) is important[13]
02-03 14:00:47.828  1172  3720 D MARs:TopPackageFilter: filter : com.tcc.xcskitracker(0)
02-03 14:00:47.828  1172  3720 D FreecessController: com.tcc.xcskitracker(10519) is important[13]
02-03 14:00:57.829  1172  3720 D MARs:TopPackageFilter: filter : com.tcc.xcskitracker(0)
02-03 14:00:57.829  1172  3720 D FreecessController: com.tcc.xcskitracker(10519) is important[13]
02-03 14:01:07.832  1172  3720 D MARs:TopPackageFilter: filter : com.tcc.xcskitracker(0)
02-03 14:01:07.832  1172  3720 D FreecessController: com.tcc.xcskitracker(10519) is important[13]
02-03 14:01:17.833  1172  3720 D MARs:TopPackageFilter: filter : com.tcc.xcskitracker(0)
02-03 14:01:17.833  1172  3720 D FreecessController: com.tcc.xcskitracker(10519) is important[13]
02-03 14:01:27.835  1172  3720 D MARs:TopPackageFilter: filter : com.tcc.xcskitracker(0)
02-03 14:01:27.835  1172  3720 D FreecessController: com.tcc.xcskitracker(10519) is important[13]
02-03 14:01:37.838  1172  3720 D MARs:TopPackageFilter: filter : com.tcc.xcskitracker(0)
02-03 14:01:37.838  1172  3720 D FreecessController: com.tcc.xcskitracker(10519) is important[13]
02-03 14:01:47.840  1172  3720 D MARs:TopPackageFilter: filter : com.tcc.xcskitracker(0)
02-03 14:01:47.840  1172  3720 D FreecessController: com.tcc.xcskitracker(10519) is important[13]
02-03 14:01:57.842  1172  3720 D MARs:TopPackageFilter: filter : com.tcc.xcskitracker(0)
02-03 14:01:57.842  1172  3720 D FreecessController: com.tcc.xcskitracker(10519) is important[13]
02-03 14:02:07.843  1172  3720 D MARs:TopPackageFilter: filter : com.tcc.xcskitracker(0)
02-03 14:02:07.845  1172  3720 D FreecessController: com.tcc.xcskitracker(10519) is important[13]
02-03 14:02:17.847  1172  3720 D MARs:TopPackageFilter: filter : com.tcc.xcskitracker(0)
02-03 14:02:17.849  1172  3720 D FreecessController: com.tcc.xcskitracker(10519) is important[13]
02-03 14:02:27.851  1172  3720 D MARs:TopPackageFilter: filter : com.tcc.xcskitracker(0)
02-03 14:02:27.851  1172  3720 D FreecessController: com.tcc.xcskitracker(10519) is important[13]
02-03 14:02:37.854  1172  3720 D MARs:TopPackageFilter: filter : com.tcc.xcskitracker(0)
02-03 14:02:37.854  1172  3720 D FreecessController: com.tcc.xcskitracker(10519) is important[13]
02-03 14:02:47.855  1172  3720 D MARs:TopPackageFilter: filter : com.tcc.xcskitracker(0)
02-03 14:02:47.855  1172  3720 D FreecessController: com.tcc.xcskitracker(10519) is important[13]
02-03 14:02:57.857  1172  3720 D MARs:TopPackageFilter: filter : com.tcc.xcskitracker(0)
02-03 14:02:57.857  1172  3720 D FreecessController: com.tcc.xcskitracker(10519) is important[13]
02-03 14:03:07.859  1172  3720 D MARs:TopPackageFilter: filter : com.tcc.xcskitracker(0)
02-03 14:03:07.859  1172  3720 D FreecessController: com.tcc.xcskitracker(10519) is important[13]
02-03 14:03:17.861  1172  3720 D MARs:TopPackageFilter: filter : com.tcc.xcskitracker(0)
02-03 14:03:17.861  1172  3720 D FreecessController: com.tcc.xcskitracker(10519) is important[13]
02-03 14:03:27.863  1172  3720 D MARs:TopPackageFilter: filter : com.tcc.xcskitracker(0)
02-03 14:03:27.863  1172  3720 D FreecessController: com.tcc.xcskitracker(10519) is important[13]
02-03 14:03:37.865  1172  3720 D MARs:TopPackageFilter: filter : com.tcc.xcskitracker(0)
02-03 14:03:37.865  1172  3720 D FreecessController: com.tcc.xcskitracker(10519) is important[13]
02-03 14:03:47.867  1172  3720 D MARs:TopPackageFilter: filter : com.tcc.xcskitracker(0)
02-03 14:03:47.867  1172  3720 D FreecessController: com.tcc.xcskitracker(10519) is important[13]
02-03 14:03:57.869  1172  3720 D MARs:TopPackageFilter: filter : com.tcc.xcskitracker(0)
02-03 14:03:57.869  1172  3720 D FreecessController: com.tcc.xcskitracker(10519) is important[13]
02-03 14:04:07.871  1172  3720 D MARs:TopPackageFilter: filter : com.tcc.xcskitracker(0)
02-03 14:04:07.871  1172  3720 D FreecessController: com.tcc.xcskitracker(10519) is important[13]
02-03 14:04:17.874  1172  3720 D MARs:TopPackageFilter: filter : com.tcc.xcskitracker(0)
02-03 14:04:17.874  1172  3720 D FreecessController: com.tcc.xcskitracker(10519) is important[13]
02-03 14:04:27.875  1172  3720 D MARs:TopPackageFilter: filter : com.tcc.xcskitracker(0)
02-03 14:04:27.875  1172  3720 D FreecessController: com.tcc.xcskitracker(10519) is important[13]
02-03 14:04:37.877  1172  3720 D MARs:TopPackageFilter: filter : com.tcc.xcskitracker(0)
02-03 14:04:37.877  1172  3720 D FreecessController: com.tcc.xcskitracker(10519) is important[13]
02-03 14:04:47.880  1172  3720 D MARs:TopPackageFilter: filter : com.tcc.xcskitracker(0)
02-03 14:04:47.880  1172  3720 D FreecessController: com.tcc.xcskitracker(10519) is important[13]
02-03 14:04:57.880  1172  3720 D MARs:TopPackageFilter: filter : com.tcc.xcskitracker(0)
02-03 14:04:57.881  1172  3720 D FreecessController: com.tcc.xcskitracker(10519) is important[13]
02-03 14:05:07.882  1172  3720 D MARs:TopPackageFilter: filter : com.tcc.xcskitracker(0)
02-03 14:05:07.882  1172  3720 D FreecessController: com.tcc.xcskitracker(10519) is important[13]
02-03 14:05:17.885  1172  3720 D MARs:TopPackageFilter: filter : com.tcc.xcskitracker(0)
02-03 14:05:17.885  1172  3720 D FreecessController: com.tcc.xcskitracker(10519) is important[13]
02-03 14:05:27.886  1172  3720 D MARs:TopPackageFilter: filter : com.tcc.xcskitracker(0)
02-03 14:05:27.886  1172  3720 D FreecessController: com.tcc.xcskitracker(10519) is important[13]
02-03 14:05:37.888  1172  3720 D MARs:TopPackageFilter: filter : com.tcc.xcskitracker(0)
02-03 14:05:37.888  1172  3720 D FreecessController: com.tcc.xcskitracker(10519) is important[13]
02-03 14:05:47.890  1172  3720 D MARs:TopPackageFilter: filter : com.tcc.xcskitracker(0)
02-03 14:05:47.890  1172  3720 D FreecessController: com.tcc.xcskitracker(10519) is important[13]
02-03 14:05:57.892  1172  3720 D MARs:TopPackageFilter: filter : com.tcc.xcskitracker(0)
02-03 14:05:57.892  1172  3720 D FreecessController: com.tcc.xcskitracker(10519) is important[13]
02-03 14:06:07.894  1172  3720 D MARs:TopPackageFilter: filter : com.tcc.xcskitracker(0)
02-03 14:06:07.894  1172  3720 D FreecessController: com.tcc.xcskitracker(10519) is important[13]
02-03 14:06:17.896  1172  3720 D MARs:TopPackageFilter: filter : com.tcc.xcskitracker(0)
02-03 14:06:17.896  1172  3720 D FreecessController: com.tcc.xcskitracker(10519) is important[13]
02-03 14:06:25.700  1172  5690 D MARsPolicyManager: onPackageResumedFG pkgName = com.tcc.xcskitracker, userId = 0
02-03 14:06:25.704  1172  5690 V WindowManager: Setting visibility of Window{a40a79d u0 com.tcc.xcskitracker/com.tcc.xcskitracker.MainActivity}: true, caller=com.android.server.wm.WindowContainer.sendAppVisibilityToClients:1100 com.android.server.wm.WindowToken.setClientVisible:448 com.android.server.wm.ActivityRecord.setClientVisible:6900 com.android.server.wm.ActivityRecord.setVisibility:5357 com.android.server.wm.ActivityRecord.setVisibility:5252 
02-03 14:06:25.706  1172  5690 D SGM:GameManager:   sendRunningComponentFocus(), pkgName: com.tcc.xcskitracker, userId: 0
02-03 14:06:25.706  1172  1971 D SGM:GameManager: onLooperPrepared(), msg: MSG_TASK_FOCUSED, pkgName: com.tcc.xcskitracker, userId: 0
02-03 14:06:25.706  1172  1498 V ActivityManager: Changed top to ProcessRecord{16b7435 31781:com.tcc.xcskitracker/u0a519}
02-03 14:06:25.706  1172  1971 D SGM:GameManager:   handleTaskFocused(), pkgName: com.tcc.xcskitracker, userID:0 mResumedPkgMap does not containsKey.
02-03 14:06:25.708  1172  5690 V WindowManager: Setting visibility of Window{a40a79d u0 com.tcc.xcskitracker/com.tcc.xcskitracker.MainActivity}: false, caller=com.android.server.wm.WindowContainer.sendAppVisibilityToClients:1100 com.android.server.wm.WindowToken.setClientVisible:448 com.android.server.wm.ActivityRecord.setClientVisible:6900 com.android.server.wm.ActivityRecord.onAnimationFinished:7787 com.android.server.wm.ActivityRecord.postApplyAnimation:5506 
02-03 14:06:25.712  1172  5690 V WindowManager: Setting visibility of Window{a40a79d u0 com.tcc.xcskitracker/com.tcc.xcskitracker.MainActivity}: true, caller=com.android.server.wm.WindowContainer.sendAppVisibilityToClients:1100 com.android.server.wm.WindowToken.setClientVisible:448 com.android.server.wm.ActivityRecord.setClientVisible:6900 com.android.server.wm.ActivityRecord.setVisibility:5357 com.android.server.wm.ActivityRecord.setVisibility:5252 
02-03 14:06:25.713  1172  5690 V WindowManager: Setting visibility of Window{a40a79d u0 com.tcc.xcskitracker/com.tcc.xcskitracker.MainActivity}: false, caller=com.android.server.wm.WindowContainer.sendAppVisibilityToClients:1100 com.android.server.wm.WindowToken.setClientVisible:448 com.android.server.wm.ActivityRecord.setClientVisible:6900 com.android.server.wm.ActivityRecord.onAnimationFinished:7787 com.android.server.wm.ActivityRecord.postApplyAnimation:5506 
02-03 14:06:25.732  1172  1501 D SGM:GameManager: identifyGamePackage. com.tcc.xcskitracker, mCurrentUserId: 0, callerUserId: 0, callingMethodInfo: com.android.server.ssrm.fgapps.GameAppUtils.isGame(GameAppUtils.java:84)
02-03 14:06:25.732  1172  1501 D SGM:PkgDataHelper: getGamePkgData(). com.tcc.xcskitracker
02-03 14:06:25.732  1172  1501 D SGM:GameManager: identifyGamePackage. com.tcc.xcskitracker, mCurrentUserId: 0, callerUserId: 0, callingMethodInfo: com.android.server.ssrm.SortingMachine.isGame(SortingMachine.java:162)
02-03 14:06:25.732  1172  1501 D SGM:PkgDataHelper: getGamePkgData(). com.tcc.xcskitracker
02-03 14:06:25.734  1172  1501 D SGM:GameManager: identifyGamePackage. com.tcc.xcskitracker, mCurrentUserId: 0, callerUserId: 0, callingMethodInfo: com.samsung.android.game.SemGameManager.isGamePackage(SemGameManager.java:104)
02-03 14:06:25.734  1172  1501 D SGM:PkgDataHelper: getGamePkgData(). com.tcc.xcskitracker
02-03 14:06:25.734  1172  1501 D SGM:SemGameManager: isGamePackage(), pkgName=com.tcc.xcskitracker, ret=false
02-03 14:06:25.734  1172  1501 I GameSDK@LifeCycle: noteResumeComponent(): package name  : com.tcc.xcskitracker
02-03 14:06:25.734  1172  1501 D SGM:GameManager: noteResumeComponent(), received pkgName: com.tcc.xcskitracker, userId: 0
02-03 14:06:25.734  1172  1971 D SGM:GameManager: onLooperPrepared(), msg: MSG_APP_RESUME, pkgName: com.tcc.xcskitracker, userid: 0
02-03 14:06:25.778  1172  1501 D SGM:GameManager: notePauseComponent(), received pkgName: com.tcc.xcskitracker, userId: 0
02-03 14:06:25.854  1172  2332 D MdnieScenarioControlService:  packageName : com.tcc.xcskitracker    className : com.tcc.xcskitracker.MainActivity
02-03 14:06:26.948  1172  1172 D SGM:GameManager: identifyGamePackage. com.tcc.xcskitracker, mCurrentUserId: 0, callerUserId: 0, callingMethodInfo: com.android.server.ssrm.SortingMachine.isGame(SortingMachine.java:162)
02-03 14:06:26.948  1172  1172 D SGM:PkgDataHelper: getGamePkgData(). com.tcc.xcskitracker
02-03 14:06:29.486  1172  2930 D MARsPolicyManager: onPackageResumedFG pkgName = com.tcc.xcskitracker, userId = 0
02-03 14:06:29.487  1172  2930 V WindowManager: Setting visibility of Window{a40a79d u0 com.tcc.xcskitracker/com.tcc.xcskitracker.MainActivity}: true, caller=com.android.server.wm.WindowContainer.sendAppVisibilityToClients:1100 com.android.server.wm.WindowToken.setClientVisible:448 com.android.server.wm.ActivityRecord.setClientVisible:6900 com.android.server.wm.ActivityRecord.setVisibility:5357 com.android.server.wm.ActivityRecord.setVisibility:5252 
02-03 14:06:29.489  1172  2930 D WindowManager: rotationForOrientation, orientationSource=ActivityRecord{464716d u0 com.tcc.xcskitracker/.MainActivity t3300}
02-03 14:06:29.489  1172  2930 D WindowManager: rotationForOrientation, orientationSource=ActivityRecord{464716d u0 com.tcc.xcskitracker/.MainActivity t3300}
02-03 14:06:29.494  1172  2930 D WindowManager: rotationForOrientation, orientationSource=ActivityRecord{464716d u0 com.tcc.xcskitracker/.MainActivity t3300}
02-03 14:06:29.504  1172  2930 D WindowManager: rotationForOrientation, orientationSource=ActivityRecord{464716d u0 com.tcc.xcskitracker/.MainActivity t3300}
02-03 14:06:29.522  1172  1501 I GameSDK@LifeCycle: noteResumeComponent(): package name  : com.tcc.xcskitracker
02-03 14:06:29.522  1172  1501 D SGM:GameManager: noteResumeComponent(), received pkgName: com.tcc.xcskitracker, userId: 0
02-03 14:06:29.522  1172  1971 D SGM:GameManager: onLooperPrepared(), msg: MSG_APP_RESUME, pkgName: com.tcc.xcskitracker, userid: 0
02-03 14:06:29.547  1172  5688 D WindowManager: makeSurface duration=1 name=com.tcc.xcskitracker/com.tcc.xcskitracker.MainActivity$_31781
02-03 14:06:29.587  1172  5683 D WindowManager: finishDrawingWindow: Window{a40a79d u0 com.tcc.xcskitracker/com.tcc.xcskitracker.MainActivity} mDrawState=DRAW_PENDING
02-03 14:06:29.597  1172  5681 V WindowManager: Changing focus from Window{5cfca79 u0 Bouncer} to Window{a40a79d u0 com.tcc.xcskitracker/com.tcc.xcskitracker.MainActivity} displayId=0 Callers=com.android.server.wm.RootWindowContainer.updateFocusedWindowLocked:582 com.android.server.wm.WindowManagerService.updateFocusedWindowLocked:6419 com.android.server.wm.WindowManagerService.relayoutWindow:2740 com.android.server.wm.Session.relayout:242 
02-03 14:06:29.711  1172  5646 I WindowManager: Reparenting to leash, surface=Surface(name=7ac501c SnapshotStartingWindow for taskId=3300)/@0xba4b829, leashParent=Surface(name=ActivityRecord{464716d u0 com.tcc.xcskitracker/.MainActivity t3300})/@0x1c673c3
02-03 14:06:29.770  1172  1502 I WindowManager: Reparenting to original parent: Surface(name=ActivityRecord{464716d u0 com.tcc.xcskitracker/.MainActivity t3300})/@0x1c673c3, destroy=true, surface=Surface(name=7ac501c SnapshotStartingWindow for taskId=3300)/@0xba4b829
02-03 14:06:30.147  1172  1971 D SGM:GameManager:   handleUserPresent(). resume signal is needed for com.tcc.xcskitracker
02-03 14:06:30.151  1172  1172 D MdnieScenarioControlService:  packageName : com.tcc.xcskitracker    className : com.tcc.xcskitracker.MainActivity
02-03 14:06:30.161  1172  1172 D MdnieScenarioControlService:  packageName : com.tcc.xcskitracker    className : com.tcc.xcskitracker.MainActivity
02-03 14:06:30.161  1172  1971 D SGM:GameManager:   handleUserPresent(). resume signal is needed for com.tcc.xcskitracker
02-03 14:06:30.197  1172  1501 D SGM:GameManager: identifyForegroundApp. com.tcc.xcskitracker, mCurrentUserId: 0, callerUserId: 0
02-03 14:06:30.197  1172  1501 D SGM:PkgDataHelper: getGamePkgData(). com.tcc.xcskitracker
02-03 14:06:30.424  1172  1499 D WindowManager: requestTransientBars: swipeTarget=Window{d61f0c5 u0 StatusBar}, controlTarget=Window{a40a79d u0 com.tcc.xcskitracker/com.tcc.xcskitracker.MainActivity}, canShowTransient=false, restorePositionTypes=0x3, from=com.android.server.wm.DisplayPolicy.access$100:223 com.android.server.wm.DisplayPolicy$1.onSwipeFromTop:566 
02-03 14:06:30.431  1172  5646 V WindowManager: Changing focus from Window{a40a79d u0 com.tcc.xcskitracker/com.tcc.xcskitracker.MainActivity} to Window{5e58e10 u0 NotificationShade} displayId=0 Callers=com.android.server.wm.RootWindowContainer.updateFocusedWindowLocked:582 com.android.server.wm.WindowManagerService.updateFocusedWindowLocked:6419 com.android.server.wm.WindowManagerService.relayoutWindow:2740 com.android.server.wm.Session.relayout:242 
02-03 14:06:32.979  1172 10499 D SGM:GameManager: identifyGamePackage. com.tcc.xcskitracker, mCurrentUserId: 0, callerUserId: 0, callingMethodInfo: com.android.server.ssrm.SortingMachine.isGame(SortingMachine.java:162)
02-03 14:06:32.979  1172 10499 D SGM:PkgDataHelper: getGamePkgData(). com.tcc.xcskitracker
02-03 14:06:33.840  1172  5687 V WindowManager: Changing focus from Window{5e58e10 u0 NotificationShade} to Window{a40a79d u0 com.tcc.xcskitracker/com.tcc.xcskitracker.MainActivity} displayId=0 Callers=com.android.server.wm.RootWindowContainer.updateFocusedWindowLocked:582 com.android.server.wm.WindowManagerService.updateFocusedWindowLocked:6419 com.android.server.wm.WindowManagerService.relayoutWindow:2740 com.android.server.wm.Session.relayout:242 
02-03 14:06:34.344  1172  1501 D SGM:GameManager: identifyForegroundApp. com.tcc.xcskitracker, mCurrentUserId: 0, callerUserId: 0
02-03 14:06:34.344  1172  1501 D SGM:PkgDataHelper: getGamePkgData(). com.tcc.xcskitracker
02-03 14:07:33.765  1172  2453 V WindowManager: Changing focus from Window{a40a79d u0 com.tcc.xcskitracker/com.tcc.xcskitracker.MainActivity} to null displayId=0 Callers=com.android.server.wm.RootWindowContainer.updateFocusedWindowLocked:582 com.android.server.wm.WindowManagerService.updateFocusedWindowLocked:6419 com.android.server.wm.ActivityTaskManagerService.setResumedActivityUncheckLocked:5449 com.android.server.wm.Task.onActivityStateChanged:2870 
02-03 14:07:33.776  1172  1501 D SGM:GameManager: notePauseComponent(), received pkgName: com.tcc.xcskitracker, userId: 0
02-03 14:07:34.865  1172  1502 V WindowManager: Setting visibility of Window{a40a79d u0 com.tcc.xcskitracker/com.tcc.xcskitracker.MainActivity}: false, caller=com.android.server.wm.WindowContainer.sendAppVisibilityToClients:1100 com.android.server.wm.WindowToken.setClientVisible:448 com.android.server.wm.ActivityRecord.setClientVisible:6900 com.android.server.wm.ActivityRecord.onAnimationFinished:7787 com.android.server.wm.WindowContainer.doAnimationFinished:3086 
02-03 14:07:34.965  1172  2930 E WindowManager: win=Window{a40a79d u0 com.tcc.xcskitracker/com.tcc.xcskitracker.MainActivity} destroySurfaces: appStopped=true win.mWindowRemovalAllowed=false win.mRemoveOnExit=false win.mViewVisibility=8 caller=com.android.server.wm.ActivityRecord.destroySurfaces:5775 com.android.server.wm.ActivityRecord.destroySurfaces:5756 com.android.server.wm.ActivityRecord.notifyAppStopped:5820 com.android.server.wm.ActivityRecord.activityStopped:6440 com.android.server.wm.ActivityClientController.activityStopped:248 android.app.IActivityClientController$Stub.onTransact:596 com.android.server.wm.ActivityClientController.onTransact:124 
02-03 14:07:34.965  1172  2930 I WindowManager: Destroying surface Surface(name=com.tcc.xcskitracker/com.tcc.xcskitracker.MainActivity$_31781)/@0x69e5cdf called by com.android.server.wm.WindowStateAnimator.destroySurface:987 com.android.server.wm.WindowStateAnimator.destroySurfaceLocked:518 com.android.server.wm.WindowState.destroySurfaceUnchecked:4188 com.android.server.wm.WindowState.destroySurface:4162 com.android.server.wm.ActivityRecord.destroySurfaces:5775 com.android.server.wm.ActivityRecord.destroySurfaces:5756 com.android.server.wm.ActivityRecord.notifyAppStopped:5820 com.android.server.wm.ActivityRecord.activityStopped:6440 
02-03 14:08:34.985  1172  3720 D MARs:TopPackageFilter: filter : com.tcc.xcskitracker(0)
02-03 14:08:34.985  1172  3720 D FreecessController: com.tcc.xcskitracker(10519) is important[13]
02-03 14:08:44.986  1172  3720 D MARs:TopPackageFilter: filter : com.tcc.xcskitracker(0)
02-03 14:08:44.986  1172  3720 D FreecessController: com.tcc.xcskitracker(10519) is important[13]
02-03 14:08:54.989  1172  3720 D MARs:TopPackageFilter: filter : com.tcc.xcskitracker(0)
02-03 14:08:54.989  1172  3720 D FreecessController: com.tcc.xcskitracker(10519) is important[13]
02-03 14:09:04.991  1172  3720 D MARs:TopPackageFilter: filter : com.tcc.xcskitracker(0)
02-03 14:09:04.992  1172  3720 D FreecessController: com.tcc.xcskitracker(10519) is important[13]
02-03 14:09:14.994  1172  3720 D MARs:TopPackageFilter: filter : com.tcc.xcskitracker(0)
02-03 14:09:14.995  1172  3720 D FreecessController: com.tcc.xcskitracker(10519) is important[13]
02-03 14:09:24.997  1172  3720 D MARs:TopPackageFilter: filter : com.tcc.xcskitracker(0)
02-03 14:09:24.997  1172  3720 D FreecessController: com.tcc.xcskitracker(10519) is important[13]
02-03 14:09:35.000  1172  3720 D MARs:TopPackageFilter: filter : com.tcc.xcskitracker(0)
02-03 14:09:35.000  1172  3720 D FreecessController: com.tcc.xcskitracker(10519) is important[13]
02-03 14:09:45.001  1172  3720 D MARs:TopPackageFilter: filter : com.tcc.xcskitracker(0)
02-03 14:09:45.001  1172  3720 D FreecessController: com.tcc.xcskitracker(10519) is important[13]
02-03 14:09:55.003  1172  3720 D MARs:TopPackageFilter: filter : com.tcc.xcskitracker(0)
02-03 14:09:55.003  1172  3720 D FreecessController: com.tcc.xcskitracker(10519) is important[13]
02-03 14:10:05.006  1172  3720 D MARs:TopPackageFilter: filter : com.tcc.xcskitracker(0)
02-03 14:10:05.006  1172  3720 D FreecessController: com.tcc.xcskitracker(10519) is important[13]
02-03 14:10:15.008  1172  3720 D MARs:TopPackageFilter: filter : com.tcc.xcskitracker(0)
02-03 14:10:15.008  1172  3720 D FreecessController: com.tcc.xcskitracker(10519) is important[13]
02-03 14:10:25.011  1172  3720 D MARs:TopPackageFilter: filter : com.tcc.xcskitracker(0)
02-03 14:10:25.011  1172  3720 D FreecessController: com.tcc.xcskitracker(10519) is important[13]
02-03 14:10:35.012  1172  3720 D MARs:TopPackageFilter: filter : com.tcc.xcskitracker(0)
02-03 14:10:35.013  1172  3720 D FreecessController: com.tcc.xcskitracker(10519) is important[13]
02-03 14:10:45.014  1172  3720 D MARs:TopPackageFilter: filter : com.tcc.xcskitracker(0)
02-03 14:10:45.014  1172  3720 D FreecessController: com.tcc.xcskitracker(10519) is important[13]
02-03 14:10:55.017  1172  3720 D MARs:TopPackageFilter: filter : com.tcc.xcskitracker(0)
02-03 14:10:55.017  1172  3720 D FreecessController: com.tcc.xcskitracker(10519) is important[13]
02-03 14:11:05.019  1172  3720 D MARs:TopPackageFilter: filter : com.tcc.xcskitracker(0)
02-03 14:11:05.019  1172  3720 D FreecessController: com.tcc.xcskitracker(10519) is important[13]
02-03 14:11:15.022  1172  3720 D MARs:TopPackageFilter: filter : com.tcc.xcskitracker(0)
02-03 14:11:15.022  1172  3720 D FreecessController: com.tcc.xcskitracker(10519) is important[13]
02-03 14:11:25.024  1172  3720 D MARs:TopPackageFilter: filter : com.tcc.xcskitracker(0)
02-03 14:11:25.025  1172  3720 D FreecessController: com.tcc.xcskitracker(10519) is important[13]
02-03 14:11:35.026  1172  3720 D MARs:TopPackageFilter: filter : com.tcc.xcskitracker(0)
02-03 14:11:35.026  1172  3720 D FreecessController: com.tcc.xcskitracker(10519) is important[13]
02-03 14:11:45.028  1172  3720 D MARs:TopPackageFilter: filter : com.tcc.xcskitracker(0)
02-03 14:11:45.029  1172  3720 D FreecessController: com.tcc.xcskitracker(10519) is important[13]
02-03 14:11:55.030  1172  3720 D MARs:TopPackageFilter: filter : com.tcc.xcskitracker(0)
02-03 14:11:55.030  1172  3720 D FreecessController: com.tcc.xcskitracker(10519) is important[13]
02-03 14:12:05.032  1172  3720 D MARs:TopPackageFilter: filter : com.tcc.xcskitracker(0)
02-03 14:12:05.032  1172  3720 D FreecessController: com.tcc.xcskitracker(10519) is important[13]
02-03 14:12:15.035  1172  3720 D MARs:TopPackageFilter: filter : com.tcc.xcskitracker(0)
02-03 14:12:15.035  1172  3720 D FreecessController: com.tcc.xcskitracker(10519) is important[13]
02-03 14:12:25.036  1172  3720 D MARs:TopPackageFilter: filter : com.tcc.xcskitracker(0)
02-03 14:12:25.036  1172  3720 D FreecessController: com.tcc.xcskitracker(10519) is important[13]
02-03 14:12:35.038  1172  3720 D MARs:TopPackageFilter: filter : com.tcc.xcskitracker(0)
02-03 14:12:35.038  1172  3720 D FreecessController: com.tcc.xcskitracker(10519) is important[13]
02-03 14:12:45.040  1172  3720 D MARs:TopPackageFilter: filter : com.tcc.xcskitracker(0)
02-03 14:12:45.041  1172  3720 D FreecessController: com.tcc.xcskitracker(10519) is important[13]
02-03 14:12:55.043  1172  3720 D MARs:TopPackageFilter: filter : com.tcc.xcskitracker(0)
02-03 14:12:55.043  1172  3720 D FreecessController: com.tcc.xcskitracker(10519) is important[13]
02-03 14:13:05.044  1172  3720 D MARs:TopPackageFilter: filter : com.tcc.xcskitracker(0)
02-03 14:13:05.044  1172  3720 D FreecessController: com.tcc.xcskitracker(10519) is important[13]
02-03 14:13:15.047  1172  3720 D MARs:TopPackageFilter: filter : com.tcc.xcskitracker(0)
02-03 14:13:15.047  1172  3720 D FreecessController: com.tcc.xcskitracker(10519) is important[13]
02-03 14:13:25.048  1172  3720 D MARs:TopPackageFilter: filter : com.tcc.xcskitracker(0)
02-03 14:13:25.048  1172  3720 D FreecessController: com.tcc.xcskitracker(10519) is important[13]
02-03 14:13:35.050  1172  3720 D MARs:TopPackageFilter: filter : com.tcc.xcskitracker(0)
02-03 14:13:35.051  1172  3720 D FreecessController: com.tcc.xcskitracker(10519) is important[13]
02-03 14:13:45.052  1172  3720 D MARs:TopPackageFilter: filter : com.tcc.xcskitracker(0)
02-03 14:13:45.052  1172  3720 D FreecessController: com.tcc.xcskitracker(10519) is important[13]
02-03 14:13:55.054  1172  3720 D MARs:TopPackageFilter: filter : com.tcc.xcskitracker(0)
02-03 14:13:55.054  1172  3720 D FreecessController: com.tcc.xcskitracker(10519) is important[13]
02-03 14:14:05.057  1172  3720 D MARs:TopPackageFilter: filter : com.tcc.xcskitracker(0)
02-03 14:14:05.057  1172  3720 D FreecessController: com.tcc.xcskitracker(10519) is important[13]
02-03 14:14:15.059  1172  3720 D MARs:TopPackageFilter: filter : com.tcc.xcskitracker(0)
02-03 14:14:15.059  1172  3720 D FreecessController: com.tcc.xcskitracker(10519) is important[13]
02-03 14:14:25.062  1172  3720 D MARs:TopPackageFilter: filter : com.tcc.xcskitracker(0)
02-03 14:14:25.062  1172  3720 D FreecessController: com.tcc.xcskitracker(10519) is important[13]
02-03 14:14:35.063  1172  3720 D MARs:TopPackageFilter: filter : com.tcc.xcskitracker(0)
02-03 14:14:35.065  1172  3720 D FreecessController: com.tcc.xcskitracker(10519) is important[13]
02-03 14:14:45.067  1172  3720 D MARs:TopPackageFilter: filter : com.tcc.xcskitracker(0)
02-03 14:14:45.067  1172  3720 D FreecessController: com.tcc.xcskitracker(10519) is important[13]
02-03 14:14:55.069  1172  3720 D MARs:TopPackageFilter: filter : com.tcc.xcskitracker(0)
02-03 14:14:55.069  1172  3720 D FreecessController: com.tcc.xcskitracker(10519) is important[13]
02-03 14:15:05.071  1172  3720 D MARs:TopPackageFilter: filter : com.tcc.xcskitracker(0)
02-03 14:15:05.071  1172  3720 D FreecessController: com.tcc.xcskitracker(10519) is important[13]
02-03 14:15:15.074  1172  3720 D MARs:TopPackageFilter: filter : com.tcc.xcskitracker(0)
02-03 14:15:15.074  1172  3720 D FreecessController: com.tcc.xcskitracker(10519) is important[13]
02-03 14:15:25.076  1172  3720 D MARs:TopPackageFilter: filter : com.tcc.xcskitracker(0)
02-03 14:15:25.076  1172  3720 D FreecessController: com.tcc.xcskitracker(10519) is important[13]
02-03 14:15:35.079  1172  3720 D MARs:TopPackageFilter: filter : com.tcc.xcskitracker(0)
02-03 14:15:35.079  1172  3720 D FreecessController: com.tcc.xcskitracker(10519) is important[13]
02-03 14:15:45.081  1172  3720 D MARs:TopPackageFilter: filter : com.tcc.xcskitracker(0)
02-03 14:15:45.082  1172  3720 D FreecessController: com.tcc.xcskitracker(10519) is important[13]
02-03 14:15:55.085  1172  3720 D MARs:TopPackageFilter: filter : com.tcc.xcskitracker(0)
02-03 14:15:55.085  1172  3720 D FreecessController: com.tcc.xcskitracker(10519) is important[13]
02-03 14:16:05.086  1172  3720 D MARs:TopPackageFilter: filter : com.tcc.xcskitracker(0)
02-03 14:16:05.086  1172  3720 D FreecessController: com.tcc.xcskitracker(10519) is important[13]
02-03 14:16:15.089  1172  3720 D MARs:TopPackageFilter: filter : com.tcc.xcskitracker(0)
02-03 14:16:15.089  1172  3720 D FreecessController: com.tcc.xcskitracker(10519) is important[13]
02-03 14:16:25.090  1172  3720 D MARs:TopPackageFilter: filter : com.tcc.xcskitracker(0)
02-03 14:16:25.090  1172  3720 D FreecessController: com.tcc.xcskitracker(10519) is important[13]
02-03 14:16:35.093  1172  3720 D MARs:TopPackageFilter: filter : com.tcc.xcskitracker(0)
02-03 14:16:35.093  1172  3720 D FreecessController: com.tcc.xcskitracker(10519) is important[13]
02-03 14:16:45.095  1172  3720 D MARs:TopPackageFilter: filter : com.tcc.xcskitracker(0)
02-03 14:16:45.095  1172  3720 D FreecessController: com.tcc.xcskitracker(10519) is important[13]
02-03 14:16:55.097  1172  3720 D MARs:TopPackageFilter: filter : com.tcc.xcskitracker(0)
02-03 14:16:55.097  1172  3720 D FreecessController: com.tcc.xcskitracker(10519) is important[13]
02-03 14:17:05.100  1172  3720 D MARs:TopPackageFilter: filter : com.tcc.xcskitracker(0)
02-03 14:17:05.100  1172  3720 D FreecessController: com.tcc.xcskitracker(10519) is important[13]
02-03 14:17:15.101  1172  3720 D MARs:TopPackageFilter: filter : com.tcc.xcskitracker(0)
02-03 14:17:15.101  1172  3720 D FreecessController: com.tcc.xcskitracker(10519) is important[13]
02-03 14:17:25.103  1172  3720 D MARs:TopPackageFilter: filter : com.tcc.xcskitracker(0)
02-03 14:17:25.103  1172  3720 D FreecessController: com.tcc.xcskitracker(10519) is important[13]
02-03 14:17:35.105  1172  3720 D MARs:TopPackageFilter: filter : com.tcc.xcskitracker(0)
02-03 14:17:35.106  1172  3720 D FreecessController: com.tcc.xcskitracker(10519) is important[13]
02-03 14:17:45.107  1172  3720 D MARs:TopPackageFilter: filter : com.tcc.xcskitracker(0)
02-03 14:17:45.107  1172  3720 D FreecessController: com.tcc.xcskitracker(10519) is important[13]
02-03 14:17:55.110  1172  3720 D MARs:TopPackageFilter: filter : com.tcc.xcskitracker(0)
02-03 14:17:55.110  1172  3720 D FreecessController: com.tcc.xcskitracker(10519) is important[13]
02-03 14:18:05.112  1172  3720 D MARs:TopPackageFilter: filter : com.tcc.xcskitracker(0)
02-03 14:18:05.112  1172  3720 D FreecessController: com.tcc.xcskitracker(10519) is important[13]
02-03 14:18:15.113  1172  3720 D MARs:TopPackageFilter: filter : com.tcc.xcskitracker(0)
02-03 14:18:15.113  1172  3720 D FreecessController: com.tcc.xcskitracker(10519) is important[13]
02-03 14:18:25.115  1172  3720 D MARs:TopPackageFilter: filter : com.tcc.xcskitracker(0)
02-03 14:18:25.117  1172  3720 D FreecessController: com.tcc.xcskitracker(10519) is important[13]
02-03 14:18:35.120  1172  3720 D MARs:TopPackageFilter: filter : com.tcc.xcskitracker(0)
02-03 14:18:35.120  1172  3720 D FreecessController: com.tcc.xcskitracker(10519) is important[13]
02-03 14:18:45.122  1172  3720 D MARs:TopPackageFilter: filter : com.tcc.xcskitracker(0)
02-03 14:18:45.123  1172  3720 D FreecessController: com.tcc.xcskitracker(10519) is important[13]
02-03 14:18:55.124  1172  3720 D MARs:TopPackageFilter: filter : com.tcc.xcskitracker(0)
02-03 14:18:55.124  1172  3720 D FreecessController: com.tcc.xcskitracker(10519) is important[13]
02-03 14:19:05.127  1172  3720 D MARs:TopPackageFilter: filter : com.tcc.xcskitracker(0)
02-03 14:19:05.127  1172  3720 D FreecessController: com.tcc.xcskitracker(10519) is important[13]
02-03 14:19:15.129  1172  3720 D MARs:TopPackageFilter: filter : com.tcc.xcskitracker(0)
02-03 14:19:15.129  1172  3720 D FreecessController: com.tcc.xcskitracker(10519) is important[13]
02-03 14:19:18.296  1172  1501 V ActivityManager: Changed top to ProcessRecord{16b7435 31781:com.tcc.xcskitracker/u0a519}
02-03 14:19:18.433  1172  2332 D MdnieScenarioControlService:  packageName : com.tcc.xcskitracker    className : com.tcc.xcskitracker.MainActivity
02-03 14:19:21.285  1172  5646 W ProcessStats: Tracking association SourceState{1ce7004 com.tcc.xcskitracker/10519 Top #1329313} whose proc state 1 is better than process ProcessState{43b42cb com.google.android.gms/10240 pkg=com.google.android.gms} proc state 3 (319 skipped)
02-03 14:19:21.732  1172  5645 D MARsPolicyManager: onPackageResumedFG pkgName = com.tcc.xcskitracker, userId = 0
02-03 14:19:21.735  1172  5645 V WindowManager: Setting visibility of Window{a40a79d u0 com.tcc.xcskitracker/com.tcc.xcskitracker.MainActivity}: true, caller=com.android.server.wm.WindowContainer.sendAppVisibilityToClients:1100 com.android.server.wm.WindowToken.setClientVisible:448 com.android.server.wm.ActivityRecord.setClientVisible:6900 com.android.server.wm.ActivityRecord.setVisibility:5357 com.android.server.wm.ActivityRecord.setVisibility:5252 
02-03 14:19:21.736  1172  5645 D SGM:GameManager:   sendRunningComponentFocus(), pkgName: com.tcc.xcskitracker, userId: 0
02-03 14:19:21.738  1172  5645 D WindowManager: rotationForOrientation, orientationSource=ActivityRecord{464716d u0 com.tcc.xcskitracker/.MainActivity t3300}
02-03 14:19:21.738  1172  5645 D WindowManager: rotationForOrientation, orientationSource=ActivityRecord{464716d u0 com.tcc.xcskitracker/.MainActivity t3300}
02-03 14:19:21.739  1172  1971 D SGM:GameManager: onLooperPrepared(), msg: MSG_TASK_FOCUSED, pkgName: com.tcc.xcskitracker, userId: 0
02-03 14:19:21.739  1172  5645 D WindowManager: rotationForOrientation, orientationSource=ActivityRecord{464716d u0 com.tcc.xcskitracker/.MainActivity t3300}
02-03 14:19:21.740  1172  1971 D SGM:GameManager:   handleTaskFocused(), pkgName: com.tcc.xcskitracker, userID:0 mResumedPkgMap does not containsKey.
02-03 14:19:21.746  1172  5645 D WindowManager: rotationForOrientation, orientationSource=ActivityRecord{464716d u0 com.tcc.xcskitracker/.MainActivity t3300}
02-03 14:19:21.783  1172  1501 D SGM:GameManager: identifyGamePackage. com.tcc.xcskitracker, mCurrentUserId: 0, callerUserId: 0, callingMethodInfo: com.android.server.ssrm.fgapps.GameAppUtils.isGame(GameAppUtils.java:84)
02-03 14:19:21.783  1172  1501 D SGM:PkgDataHelper: getGamePkgData(). com.tcc.xcskitracker
02-03 14:19:21.783  1172  1501 D SGM:GameManager: identifyGamePackage. com.tcc.xcskitracker, mCurrentUserId: 0, callerUserId: 0, callingMethodInfo: com.android.server.ssrm.SortingMachine.isGame(SortingMachine.java:162)
02-03 14:19:21.783  1172  1501 D SGM:PkgDataHelper: getGamePkgData(). com.tcc.xcskitracker
02-03 14:19:21.784  1172  1501 D SGM:GameManager: identifyGamePackage. com.tcc.xcskitracker, mCurrentUserId: 0, callerUserId: 0, callingMethodInfo: com.samsung.android.game.SemGameManager.isGamePackage(SemGameManager.java:104)
02-03 14:19:21.784  1172  1501 D SGM:PkgDataHelper: getGamePkgData(). com.tcc.xcskitracker
02-03 14:19:21.784  1172  1501 D SGM:SemGameManager: isGamePackage(), pkgName=com.tcc.xcskitracker, ret=false
02-03 14:19:21.784  1172  1501 I GameSDK@LifeCycle: noteResumeComponent(): package name  : com.tcc.xcskitracker
02-03 14:19:21.784  1172  1501 D SGM:GameManager: noteResumeComponent(), received pkgName: com.tcc.xcskitracker, userId: 0
02-03 14:19:21.785  1172  1971 D SGM:GameManager: onLooperPrepared(), msg: MSG_APP_RESUME, pkgName: com.tcc.xcskitracker, userid: 0
02-03 14:19:21.800  1172  5685 D WindowManager: makeSurface duration=2 name=com.tcc.xcskitracker/com.tcc.xcskitracker.MainActivity$_31781
02-03 14:19:21.835  1172  5646 D WindowManager: finishDrawingWindow: Window{a40a79d u0 com.tcc.xcskitracker/com.tcc.xcskitracker.MainActivity} mDrawState=DRAW_PENDING
02-03 14:19:21.890  1172  5645 V WindowManager: Changing focus from Window{5cfca79 u0 Bouncer} to Window{a40a79d u0 com.tcc.xcskitracker/com.tcc.xcskitracker.MainActivity} displayId=0 Callers=com.android.server.wm.RootWindowContainer.updateFocusedWindowLocked:582 com.android.server.wm.WindowManagerService.updateFocusedWindowLocked:6419 com.android.server.wm.WindowManagerService.relayoutWindow:2740 com.android.server.wm.Session.relayout:242 
02-03 14:19:21.978  1172  5537 I WindowManager: Reparenting to leash, surface=Surface(name=541ce01 SnapshotStartingWindow for taskId=3300)/@0xf2e379f, leashParent=Surface(name=ActivityRecord{464716d u0 com.tcc.xcskitracker/.MainActivity t3300})/@0x1c673c3
02-03 14:19:22.033  1172  1502 I WindowManager: Reparenting to original parent: Surface(name=ActivityRecord{464716d u0 com.tcc.xcskitracker/.MainActivity t3300})/@0x1c673c3, destroy=true, surface=Surface(name=541ce01 SnapshotStartingWindow for taskId=3300)/@0xf2e379f
02-03 14:19:22.317  1172  1971 D SGM:GameManager:   handleUserPresent(). resume signal is needed for com.tcc.xcskitracker
02-03 14:19:22.325  1172  1172 D MdnieScenarioControlService:  packageName : com.tcc.xcskitracker    className : com.tcc.xcskitracker.MainActivity
02-03 14:19:22.341  1172  1172 D MdnieScenarioControlService:  packageName : com.tcc.xcskitracker    className : com.tcc.xcskitracker.MainActivity
02-03 14:19:22.341  1172  1971 D SGM:GameManager:   handleUserPresent(). resume signal is needed for com.tcc.xcskitracker
02-03 14:19:22.446  1172  1501 D SGM:GameManager: identifyForegroundApp. com.tcc.xcskitracker, mCurrentUserId: 0, callerUserId: 0
02-03 14:19:22.446  1172  1501 D SGM:PkgDataHelper: getGamePkgData(). com.tcc.xcskitracker
02-03 14:19:25.131  1172  3720 D MARs:TopPackageFilter: filter : com.tcc.xcskitracker(0)
02-03 14:19:25.131  1172  3720 D FreecessController: com.tcc.xcskitracker(10519) is important[13]
02-03 14:19:35.133  1172  3720 D MARs:TopPackageFilter: filter : com.tcc.xcskitracker(0)
02-03 14:19:35.133  1172  3720 D FreecessController: com.tcc.xcskitracker(10519) is important[13]
02-03 14:19:45.135  1172  3720 D MARs:TopPackageFilter: filter : com.tcc.xcskitracker(0)
02-03 14:19:45.135  1172  3720 D FreecessController: com.tcc.xcskitracker(10519) is important[13]
02-03 14:19:55.135  1172  3720 D MARs:TopPackageFilter: filter : com.tcc.xcskitracker(0)
02-03 14:19:55.135  1172  3720 D FreecessController: com.tcc.xcskitracker(10519) is important[13]
02-03 14:20:05.137  1172  3720 D MARs:TopPackageFilter: filter : com.tcc.xcskitracker(0)
02-03 14:20:05.137  1172  3720 D FreecessController: com.tcc.xcskitracker(10519) is important[13]
02-03 14:20:15.139  1172  3720 D MARs:TopPackageFilter: filter : com.tcc.xcskitracker(0)
02-03 14:20:15.139  1172  3720 D FreecessController: com.tcc.xcskitracker(10519) is important[13]
02-03 14:20:21.913  1172  5690 V WindowManager: Changing focus from Window{a40a79d u0 com.tcc.xcskitracker/com.tcc.xcskitracker.MainActivity} to null displayId=0 Callers=com.android.server.wm.RootWindowContainer.updateFocusedWindowLocked:582 com.android.server.wm.WindowManagerService.updateFocusedWindowLocked:6419 com.android.server.wm.ActivityTaskManagerService.setResumedActivityUncheckLocked:5449 com.android.server.wm.Task.onActivityStateChanged:2870 
02-03 14:20:21.931  1172  1501 D SGM:GameManager: notePauseComponent(), received pkgName: com.tcc.xcskitracker, userId: 0
02-03 14:20:23.030  1172  1502 V WindowManager: Setting visibility of Window{a40a79d u0 com.tcc.xcskitracker/com.tcc.xcskitracker.MainActivity}: false, caller=com.android.server.wm.WindowContainer.sendAppVisibilityToClients:1100 com.android.server.wm.WindowToken.setClientVisible:448 com.android.server.wm.ActivityRecord.setClientVisible:6900 com.android.server.wm.ActivityRecord.onAnimationFinished:7787 com.android.server.wm.WindowContainer.doAnimationFinished:3086 
02-03 14:20:23.113  1172  5691 E WindowManager: win=Window{a40a79d u0 com.tcc.xcskitracker/com.tcc.xcskitracker.MainActivity} destroySurfaces: appStopped=true win.mWindowRemovalAllowed=false win.mRemoveOnExit=false win.mViewVisibility=8 caller=com.android.server.wm.ActivityRecord.destroySurfaces:5775 com.android.server.wm.ActivityRecord.destroySurfaces:5756 com.android.server.wm.ActivityRecord.notifyAppStopped:5820 com.android.server.wm.ActivityRecord.activityStopped:6440 com.android.server.wm.ActivityClientController.activityStopped:248 android.app.IActivityClientController$Stub.onTransact:596 com.android.server.wm.ActivityClientController.onTransact:124 
02-03 14:20:23.113  1172  5691 I WindowManager: Destroying surface Surface(name=com.tcc.xcskitracker/com.tcc.xcskitracker.MainActivity$_31781)/@0x4b33307 called by com.android.server.wm.WindowStateAnimator.destroySurface:987 com.android.server.wm.WindowStateAnimator.destroySurfaceLocked:518 com.android.server.wm.WindowState.destroySurfaceUnchecked:4188 com.android.server.wm.WindowState.destroySurface:4162 com.android.server.wm.ActivityRecord.destroySurfaces:5775 com.android.server.wm.ActivityRecord.destroySurfaces:5756 com.android.server.wm.ActivityRecord.notifyAppStopped:5820 com.android.server.wm.ActivityRecord.activityStopped:6440 
02-03 14:21:23.121  1172  3720 D MARs:TopPackageFilter: filter : com.tcc.xcskitracker(0)
02-03 14:21:23.121  1172  3720 D FreecessController: com.tcc.xcskitracker(10519) is important[13]
02-03 14:21:33.123  1172  3720 D MARs:TopPackageFilter: filter : com.tcc.xcskitracker(0)
02-03 14:21:33.124  1172  3720 D FreecessController: com.tcc.xcskitracker(10519) is important[13]
02-03 14:21:43.125  1172  3720 D MARs:TopPackageFilter: filter : com.tcc.xcskitracker(0)
02-03 14:21:43.125  1172  3720 D FreecessController: com.tcc.xcskitracker(10519) is important[13]
02-03 14:21:53.127  1172  3720 D MARs:TopPackageFilter: filter : com.tcc.xcskitracker(0)
02-03 14:21:53.127  1172  3720 D FreecessController: com.tcc.xcskitracker(10519) is important[13]
02-03 14:22:03.130  1172  3720 D MARs:TopPackageFilter: filter : com.tcc.xcskitracker(0)
02-03 14:22:03.130  1172  3720 D FreecessController: com.tcc.xcskitracker(10519) is important[13]
02-03 14:22:13.132  1172  3720 D MARs:TopPackageFilter: filter : com.tcc.xcskitracker(0)
02-03 14:22:13.132  1172  3720 D FreecessController: com.tcc.xcskitracker(10519) is important[13]
02-03 14:22:23.134  1172  3720 D MARs:TopPackageFilter: filter : com.tcc.xcskitracker(0)
02-03 14:22:23.135  1172  3720 D FreecessController: com.tcc.xcskitracker(10519) is important[13]
02-03 14:22:33.138  1172  3720 D MARs:TopPackageFilter: filter : com.tcc.xcskitracker(0)
02-03 14:22:33.138  1172  3720 D FreecessController: com.tcc.xcskitracker(10519) is important[13]
02-03 14:22:43.140  1172  3720 D MARs:TopPackageFilter: filter : com.tcc.xcskitracker(0)
02-03 14:22:43.140  1172  3720 D FreecessController: com.tcc.xcskitracker(10519) is important[13]
02-03 14:22:53.142  1172  3720 D MARs:TopPackageFilter: filter : com.tcc.xcskitracker(0)
02-03 14:22:53.143  1172  3720 D FreecessController: com.tcc.xcskitracker(10519) is important[13]
02-03 14:23:03.144  1172  3720 D MARs:TopPackageFilter: filter : com.tcc.xcskitracker(0)
02-03 14:23:03.144  1172  3720 D FreecessController: com.tcc.xcskitracker(10519) is important[13]
02-03 14:23:13.146  1172  3720 D MARs:TopPackageFilter: filter : com.tcc.xcskitracker(0)
02-03 14:23:13.147  1172  3720 D FreecessController: com.tcc.xcskitracker(10519) is important[13]
02-03 14:23:23.148  1172  3720 D MARs:TopPackageFilter: filter : com.tcc.xcskitracker(0)
02-03 14:23:23.148  1172  3720 D FreecessController: com.tcc.xcskitracker(10519) is important[13]
02-03 14:23:33.150  1172  3720 D MARs:TopPackageFilter: filter : com.tcc.xcskitracker(0)
02-03 14:23:33.150  1172  3720 D FreecessController: com.tcc.xcskitracker(10519) is important[13]
02-03 14:23:43.153  1172  3720 D MARs:TopPackageFilter: filter : com.tcc.xcskitracker(0)
02-03 14:23:43.153  1172  3720 D FreecessController: com.tcc.xcskitracker(10519) is important[13]
02-03 14:23:53.154  1172  3720 D MARs:TopPackageFilter: filter : com.tcc.xcskitracker(0)
02-03 14:23:53.154  1172  3720 D FreecessController: com.tcc.xcskitracker(10519) is important[13]
02-03 14:24:03.156  1172  3720 D MARs:TopPackageFilter: filter : com.tcc.xcskitracker(0)
02-03 14:24:03.157  1172  3720 D FreecessController: com.tcc.xcskitracker(10519) is important[13]
02-03 14:24:13.159  1172  3720 D MARs:TopPackageFilter: filter : com.tcc.xcskitracker(0)
02-03 14:24:13.159  1172  3720 D FreecessController: com.tcc.xcskitracker(10519) is important[13]
02-03 14:24:23.160  1172  3720 D MARs:TopPackageFilter: filter : com.tcc.xcskitracker(0)
02-03 14:24:23.160  1172  3720 D FreecessController: com.tcc.xcskitracker(10519) is important[13]
02-03 14:24:33.162  1172  3720 D MARs:TopPackageFilter: filter : com.tcc.xcskitracker(0)
02-03 14:24:33.162  1172  3720 D FreecessController: com.tcc.xcskitracker(10519) is important[13]
02-03 14:24:43.165  1172  3720 D MARs:TopPackageFilter: filter : com.tcc.xcskitracker(0)
02-03 14:24:43.165  1172  3720 D FreecessController: com.tcc.xcskitracker(10519) is important[13]
02-03 14:24:53.167  1172  3720 D MARs:TopPackageFilter: filter : com.tcc.xcskitracker(0)
02-03 14:24:53.167  1172  3720 D FreecessController: com.tcc.xcskitracker(10519) is important[13]
02-03 14:25:03.169  1172  3720 D MARs:TopPackageFilter: filter : com.tcc.xcskitracker(0)
02-03 14:25:03.170  1172  3720 D FreecessController: com.tcc.xcskitracker(10519) is important[13]
02-03 14:25:13.172  1172  3720 D MARs:TopPackageFilter: filter : com.tcc.xcskitracker(0)
02-03 14:25:13.172  1172  3720 D FreecessController: com.tcc.xcskitracker(10519) is important[13]
02-03 14:25:23.174  1172  3720 D MARs:TopPackageFilter: filter : com.tcc.xcskitracker(0)
02-03 14:25:23.174  1172  3720 D FreecessController: com.tcc.xcskitracker(10519) is important[13]
02-03 14:25:33.176  1172  3720 D MARs:TopPackageFilter: filter : com.tcc.xcskitracker(0)
02-03 14:25:33.176  1172  3720 D FreecessController: com.tcc.xcskitracker(10519) is important[13]
02-03 14:25:43.178  1172  3720 D MARs:TopPackageFilter: filter : com.tcc.xcskitracker(0)
02-03 14:25:43.179  1172  3720 D FreecessController: com.tcc.xcskitracker(10519) is important[13]
02-03 14:25:53.180  1172  3720 D MARs:TopPackageFilter: filter : com.tcc.xcskitracker(0)
02-03 14:25:53.180  1172  3720 D FreecessController: com.tcc.xcskitracker(10519) is important[13]
02-03 14:26:03.182  1172  3720 D MARs:TopPackageFilter: filter : com.tcc.xcskitracker(0)
02-03 14:26:03.182  1172  3720 D FreecessController: com.tcc.xcskitracker(10519) is important[13]
02-03 14:26:04.959  1172  1498 V ActivityManager: Changed top to ProcessRecord{16b7435 31781:com.tcc.xcskitracker/u0a519}
02-03 14:26:04.960  1172  5690 D MARsPolicyManager: onPackageResumedFG pkgName = com.tcc.xcskitracker, userId = 0
02-03 14:26:04.964  1172  5690 V WindowManager: Setting visibility of Window{a40a79d u0 com.tcc.xcskitracker/com.tcc.xcskitracker.MainActivity}: true, caller=com.android.server.wm.WindowContainer.sendAppVisibilityToClients:1100 com.android.server.wm.WindowToken.setClientVisible:448 com.android.server.wm.ActivityRecord.setClientVisible:6900 com.android.server.wm.ActivityRecord.setVisibility:5357 com.android.server.wm.ActivityRecord.setVisibility:5252 
02-03 14:26:04.966  1172  5690 D SGM:GameManager:   sendRunningComponentFocus(), pkgName: com.tcc.xcskitracker, userId: 0
02-03 14:26:04.966  1172  1971 D SGM:GameManager: onLooperPrepared(), msg: MSG_TASK_FOCUSED, pkgName: com.tcc.xcskitracker, userId: 0
02-03 14:26:04.966  1172  1971 D SGM:GameManager:   handleTaskFocused(), pkgName: com.tcc.xcskitracker, userID:0 mResumedPkgMap does not containsKey.
02-03 14:26:04.970  1172  5690 V WindowManager: Setting visibility of Window{a40a79d u0 com.tcc.xcskitracker/com.tcc.xcskitracker.MainActivity}: false, caller=com.android.server.wm.WindowContainer.sendAppVisibilityToClients:1100 com.android.server.wm.WindowToken.setClientVisible:448 com.android.server.wm.ActivityRecord.setClientVisible:6900 com.android.server.wm.ActivityRecord.onAnimationFinished:7787 com.android.server.wm.ActivityRecord.postApplyAnimation:5506 
02-03 14:26:04.974  1172  5690 V WindowManager: Setting visibility of Window{a40a79d u0 com.tcc.xcskitracker/com.tcc.xcskitracker.MainActivity}: true, caller=com.android.server.wm.WindowContainer.sendAppVisibilityToClients:1100 com.android.server.wm.WindowToken.setClientVisible:448 com.android.server.wm.ActivityRecord.setClientVisible:6900 com.android.server.wm.ActivityRecord.setVisibility:5357 com.android.server.wm.ActivityRecord.setVisibility:5252 
02-03 14:26:04.975  1172  5690 V WindowManager: Setting visibility of Window{a40a79d u0 com.tcc.xcskitracker/com.tcc.xcskitracker.MainActivity}: false, caller=com.android.server.wm.WindowContainer.sendAppVisibilityToClients:1100 com.android.server.wm.WindowToken.setClientVisible:448 com.android.server.wm.ActivityRecord.setClientVisible:6900 com.android.server.wm.ActivityRecord.onAnimationFinished:7787 com.android.server.wm.ActivityRecord.postApplyAnimation:5506 
02-03 14:26:05.000  1172  1501 D SGM:GameManager: identifyGamePackage. com.tcc.xcskitracker, mCurrentUserId: 0, callerUserId: 0, callingMethodInfo: com.android.server.ssrm.fgapps.GameAppUtils.isGame(GameAppUtils.java:84)
02-03 14:26:05.000  1172  1501 D SGM:PkgDataHelper: getGamePkgData(). com.tcc.xcskitracker
02-03 14:26:05.001  1172  1501 D SGM:GameManager: identifyGamePackage. com.tcc.xcskitracker, mCurrentUserId: 0, callerUserId: 0, callingMethodInfo: com.android.server.ssrm.SortingMachine.isGame(SortingMachine.java:162)
02-03 14:26:05.001  1172  1501 D SGM:PkgDataHelper: getGamePkgData(). com.tcc.xcskitracker
02-03 14:26:05.002  1172  1501 D SGM:GameManager: identifyGamePackage. com.tcc.xcskitracker, mCurrentUserId: 0, callerUserId: 0, callingMethodInfo: com.samsung.android.game.SemGameManager.isGamePackage(SemGameManager.java:104)
02-03 14:26:05.002  1172  1501 D SGM:PkgDataHelper: getGamePkgData(). com.tcc.xcskitracker
02-03 14:26:05.002  1172  1501 D SGM:SemGameManager: isGamePackage(), pkgName=com.tcc.xcskitracker, ret=false
02-03 14:26:05.002  1172  1501 I GameSDK@LifeCycle: noteResumeComponent(): package name  : com.tcc.xcskitracker
02-03 14:26:05.002  1172  1501 D SGM:GameManager: noteResumeComponent(), received pkgName: com.tcc.xcskitracker, userId: 0
02-03 14:26:05.002  1172  1971 D SGM:GameManager: onLooperPrepared(), msg: MSG_APP_RESUME, pkgName: com.tcc.xcskitracker, userid: 0
